Microchip MPLAB XC8 Compiler V1.41 ()

Linker command line:

-W-3 --edf=C:\Program Files (x86)\Microchip\xc8\v1.41\dat\en_msgs.txt -cs \
  -h+dist/default/production\CurrentController.X.production.sym \
  --cmf=dist/default/production\CurrentController.X.production.cmf -z \
  -Q16F18325 -oD:\ライブラリ\Temp\she8.2 \
  -Mdist/default/production/CurrentController.X.production.map -E1 -ver=XC8 \
  -ASTACK=020D0h-023efh -pstack=STACK -ACODE=00h-07FFhx4 \
  -ASTRCODE=00h-01FFFh -ASTRING=00h-0FFhx32 -ACONST=00h-0FFhx32 \
  -AENTRY=00h-0FFhx32 -ACOMMON=070h-07Fh -ABANK0=020h-06Fh \
  -ABANK1=0A0h-0EFh -ABANK2=0120h-016Fh -ABANK3=01A0h-01EFh \
  -ABANK4=0220h-026Fh -ABANK5=02A0h-02EFh -ABANK6=0320h-036Fh \
  -ABANK7=03A0h-03EFh -ABANK8=0420h-046Fh -ABANK9=04A0h-04EFh \
  -ABANK10=0520h-056Fh -ABANK11=05A0h-05EFh -ABANK12=0620h-064Fh \
  -ABIGRAM=02000h-023EFh \
  -ARAM=020h-06Fh,0A0h-0EFh,0120h-016Fh,01A0h-01EFh,0220h-026Fh,02A0h-02EFh,0320h-036Fh,03A0h-03EFh,0420h-046Fh,04A0h-04EFh,0520h-056Fh,05A0h-05EFh,0620h-064Fh \
  -AABS1=020h-07Fh,0A0h-0EFh,0120h-016Fh,01A0h-01EFh,0220h-026Fh,02A0h-02EFh,0320h-036Fh,03A0h-03EFh,0420h-046Fh,04A0h-04EFh,0520h-056Fh,05A0h-05EFh,0620h-064Fh \
  -ASFR0=00h-01Fh -ASFR1=080h-09Fh -ASFR2=0100h-011Fh -ASFR3=0180h-019Fh \
  -ASFR4=0200h-021Fh -ASFR5=0280h-029Fh -ASFR6=0300h-031Fh \
  -ASFR7=0380h-039Fh -ASFR8=0400h-041Fh -ASFR9=0480h-049Fh \
  -ASFR10=0500h-051Fh -ASFR11=0580h-059Fh -ASFR12=0600h-061Fh \
  -ASFR13=0680h-06EFh -ASFR14=0700h-076Fh -ASFR15=0780h-07EFh \
  -ASFR16=0800h-086Fh -ASFR17=0880h-08EFh -ASFR18=0900h-096Fh \
  -ASFR19=0980h-09EFh -ASFR20=0A00h-0A6Fh -ASFR21=0A80h-0AEFh \
  -ASFR22=0B00h-0B6Fh -ASFR23=0B80h-0BEFh -ASFR24=0C00h-0C6Fh \
  -ASFR25=0C80h-0CEFh -ASFR26=0D00h-0D6Fh -ASFR27=0D80h-0DEFh \
  -ASFR28=0E00h-0E6Fh -ASFR29=0E80h-0EEFh -ASFR30=0F00h-0F6Fh \
  -ASFR31=0F80h-0FEFh -preset_vec=00h,intentry=04h,init,end_init \
  -ppowerup=CODE -pcinit=CODE -pfunctab=CODE -ACONFIG=08007h-0800Ah \
  -pconfig=CONFIG -DCONFIG=2 -AIDLOC=08000h-08003h -pidloc=IDLOC -DIDLOC=2 \
  -AEEDATA=00h-0FFh/0F000h -peeprom_data=EEDATA -DEEDATA=2 -DCODE=2 \
  -DSTRCODE=2 -DSTRING=2 -DCONST=2 -DENTRY=2 -k D:\ライブラリ\Temp\she8.obj \
  dist/default/production\CurrentController.X.production.obj 

Object code version is 3.11

Machine type is 16F18325



                Name                               Link     Load   Length Selector   Space Scale
D:\ライブラリ\Temp\she8.obj
                end_init                             24       24        2        8       0
                reset_vec                             0        0        2        0       0
                config                             8007     8007        4    1000E       0
dist/default/production\CurrentController.X.production.obj
                cinit                                26       26       15        8       0
                intentry                              4        4       20        8       0
                text54                             17E4     17E4       1C     2FC8       0
                text53                              816      816       1C     102C       0
                text51                             177F     177F       18     2EFE       0
                text50                             16E0     16E0        E     2DC0       0
                text49                             16CC     16CC        9     2D98       0
                text48                             170A     170A        F     2E14       0
                text47                              C28      C28       64     1850       0
                text46                              7DA      7DA       22        8       0
                text45                              801      801       15     1002       0
                text44                             1737     1737       11     2E6E       0
                text43                              A0D      A0D       34     141A       0
                text42                              8ED      8ED       2D     11DA       0
                text41                             17C9     17C9       1B     2F92       0
                text40                             16EE     16EE        E     2DDC       0
                text39                              84E      84E       21     109C       0
                text38                             16B1     16B1        5     2D62       0
                text37                               3B       3B      2D6        8       0
                text36                              DAD      DAD       A9     1B5A       0
                text35                             16BC     16BC        8     2D78       0
                text34                              F0A      F0A       F6     1E14       0
                text33                              91A      91A       2E     1234       0
                text32                              E56      E56       B4     1CAC       0
                text31                              BC8      BC8       60     1790       0
                text30                              A76      A76       3D     14EC       0
                text29                              AB3      AB3       3D     1566       0
                text28                              C8C      C8C       87     1918       0
                text27                              A41      A41       35     1482       0
                text26                              D13      D13       9A     1A26       0
                text25                              311      311      1BC        8       0
                text24                              4CD      4CD      152        8       0
                text23                              9DB      9DB       32     13B6       0
                text22                             16FC     16FC        E     2DF8       0
                text21                             1748     1748       12     2E90       0
                text20                             175A     175A       12     2EB4       0
                text19                             1719     1719        F     2E32       0
                text18                              61F      61F       FE        8       0
                text17                              86F      86F       29     10DE       0
                text16                              948      948       31     1290       0
                text15                             1797     1797       19     2F2E       0
                text14                              979      979       31     12F2       0
                text13                              9AA      9AA       31     1354       0
                text12                              B76      B76       52     16EC       0
                text11                              8C1      8C1       2C     1182       0
                text10                              898      898       29     1130       0
                text9                               71D      71D       BD        8       0
                text8                               832      832       1C     1064       0
                text7                               AF0      AF0       41     15E0       0
                text6                              17B0     17B0       19     2F60       0
                text5                              16D5     16D5        B     2DAA       0
                text4                               B31      B31       45     1662       0
                text3                              16C4     16C4        8     2D88       0
                text2                               7FC      7FC        4        8       0
                text1                              1728     1728        F     2E50       0
                maintext                           176C     176C       13     2ED8       0
                cstackBANK0                          20       20       4E       20       1
                cstackCOMMON                         70       70        A       70       1
                cstackBANK1                          A0       A0       28       A0       1
                clrtext                            16B6     16B6        6     2D6C       0
                bssBANK2                            120      120       30      120       1
                bssBANK1                             C8       C8       24       A0       1
                bssCOMMON                            7A       7A        2       70       1
                stringtext                         1000     1000       80     2000       0

TOTAL           Name                               Link     Load   Length     Space
        CLASS   STACK          

        CLASS   CODE           
                end_init                             24       24        2         0
                cinit                                26       26       15         0
                intentry                              4        4       20         0
                reset_vec                             0        0        2         0
                text54                             17E4     17E4       1C         0
                text53                              816      816       1C         0
                text51                             177F     177F       18         0
                text50                             16E0     16E0        E         0
                text49                             16CC     16CC        9         0
                text48                             170A     170A        F         0
                text47                              C28      C28       64         0
                text46                              7DA      7DA       22         0
                text45                              801      801       15         0
                text44                             1737     1737       11         0
                text43                              A0D      A0D       34         0
                text42                              8ED      8ED       2D         0
                text41                             17C9     17C9       1B         0
                text40                             16EE     16EE        E         0
                text39                              84E      84E       21         0
                text38                             16B1     16B1        5         0
                text37                               3B       3B      2D6         0
                text36                              DAD      DAD       A9         0
                text35                             16BC     16BC        8         0
                text34                              F0A      F0A       F6         0
                text33                              91A      91A       2E         0
                text32                              E56      E56       B4         0
                text31                              BC8      BC8       60         0
                text30                              A76      A76       3D         0
                text29                              AB3      AB3       3D         0
                text28                              C8C      C8C       87         0
                text27                              A41      A41       35         0
                text26                              D13      D13       9A         0
                text25                              311      311      1BC         0
                text24                              4CD      4CD      152         0
                text23                              9DB      9DB       32         0
                text22                             16FC     16FC        E         0
                text21                             1748     1748       12         0
                text20                             175A     175A       12         0
                text19                             1719     1719        F         0
                text18                              61F      61F       FE         0
                text17                              86F      86F       29         0
                text16                              948      948       31         0
                text15                             1797     1797       19         0
                text14                              979      979       31         0
                text13                              9AA      9AA       31         0
                text12                              B76      B76       52         0
                text11                              8C1      8C1       2C         0
                text10                              898      898       29         0
                text9                               71D      71D       BD         0
                text8                               832      832       1C         0
                text7                               AF0      AF0       41         0
                text6                              17B0     17B0       19         0
                text5                              16D5     16D5        B         0
                text4                               B31      B31       45         0
                text3                              16C4     16C4        8         0
                text2                               7FC      7FC        4         0
                text1                              1728     1728        F         0
                maintext                           176C     176C       13         0
                clrtext                            16B6     16B6        6         0

        CLASS   STRCODE        
                stringtext                         1000     1000       80         0

        CLASS   STRING         

        CLASS   CONST          

        CLASS   ENTRY          

        CLASS   COMMON         
                cstackCOMMON                         70       70        A         1
                bssCOMMON                            7A       7A        2         1

        CLASS   BANK0          
                cstackBANK0                          20       20       4E         1

        CLASS   BANK1          
                cstackBANK1                          A0       A0       28         1
                bssBANK1                             C8       C8       24         1

        CLASS   BANK2          
                bssBANK2                            120      120       30         1

        CLASS   BANK3          

        CLASS   BANK4          

        CLASS   BANK5          

        CLASS   BANK6          

        CLASS   BANK7          

        CLASS   BANK8          

        CLASS   BANK9          

        CLASS   BANK10         

        CLASS   BANK11         

        CLASS   BANK12         

        CLASS   BIGRAM         

        CLASS   RAM            

        CLASS   ABS1           
                abs_s1                               7E       7E        2         1

        CLASS   SFR0           

        CLASS   SFR1           

        CLASS   SFR2           

        CLASS   SFR3           

        CLASS   SFR4           

        CLASS   SFR5           

        CLASS   SFR6           

        CLASS   SFR7           

        CLASS   SFR8           

        CLASS   SFR9           

        CLASS   SFR10          

        CLASS   SFR11          

        CLASS   SFR12          

        CLASS   SFR13          

        CLASS   SFR14          

        CLASS   SFR15          

        CLASS   SFR16          

        CLASS   SFR17          

        CLASS   SFR18          

        CLASS   SFR19          

        CLASS   SFR20          

        CLASS   SFR21          

        CLASS   SFR22          

        CLASS   SFR23          

        CLASS   SFR24          

        CLASS   SFR25          

        CLASS   SFR26          

        CLASS   SFR27          

        CLASS   SFR28          

        CLASS   SFR29          

        CLASS   SFR30          

        CLASS   SFR31          

        CLASS   CONFIG         
                config                             8007     8007        4         0

        CLASS   IDLOC          

        CLASS   EEDATA         

        CLASS   BANK31         

        CLASS   BANK30         

        CLASS   BANK29         

        CLASS   BANK28         

        CLASS   BANK27         

        CLASS   BANK26         

        CLASS   BANK25         

        CLASS   BANK24         

        CLASS   BANK23         

        CLASS   BANK22         

        CLASS   BANK21         

        CLASS   BANK20         

        CLASS   BANK19         

        CLASS   BANK18         

        CLASS   BANK17         

        CLASS   BANK16         

        CLASS   BANK15         

        CLASS   BANK14         

        CLASS   BANK13         



SEGMENTS        Name                           Load    Length   Top    Selector   Space  Class     Delta

                reset_vec                      000000  000002  000002         0       0  CODE        2
                intentry                       000004  0007FC  000800         8       0  CODE        2
                cstackBANK0                    000020  00004E  00006E        20       1  BANK0       1
                cstackCOMMON                   000070  00000C  00007C        70       1  COMMON      1
                cstackBANK1                    0000A0  00004C  0000EC        A0       1  BANK1       1
                bssBANK2                       000120  000030  000150       120       1  BANK2       1
                text45                         000801  000015  000816      1002       0  CODE        2
                text53                         000816  00001C  000832      102C       0  CODE        2
                text8                          000832  00001C  00084E      1064       0  CODE        2
                text39                         00084E  000021  00086F      109C       0  CODE        2
                text17                         00086F  000029  000898      10DE       0  CODE        2
                text10                         000898  000029  0008C1      1130       0  CODE        2
                text11                         0008C1  00002C  0008ED      1182       0  CODE        2
                text42                         0008ED  00002D  00091A      11DA       0  CODE        2
                text33                         00091A  00002E  000948      1234       0  CODE        2
                text16                         000948  000031  000979      1290       0  CODE        2
                text14                         000979  000031  0009AA      12F2       0  CODE        2
                text13                         0009AA  000031  0009DB      1354       0  CODE        2
                text23                         0009DB  000032  000A0D      13B6       0  CODE        2
                text43                         000A0D  000034  000A41      141A       0  CODE        2
                text27                         000A41  000035  000A76      1482       0  CODE        2
                text30                         000A76  00003D  000AB3      14EC       0  CODE        2
                text29                         000AB3  00003D  000AF0      1566       0  CODE        2
                text7                          000AF0  000041  000B31      15E0       0  CODE        2
                text4                          000B31  000045  000B76      1662       0  CODE        2
                text12                         000B76  000052  000BC8      16EC       0  CODE        2
                text31                         000BC8  000060  000C28      1790       0  CODE        2
                text47                         000C28  000064  000C8C      1850       0  CODE        2
                text28                         000C8C  000087  000D13      1918       0  CODE        2
                text26                         000D13  00009A  000DAD      1A26       0  CODE        2
                text36                         000DAD  0000A9  000E56      1B5A       0  CODE        2
                text32                         000E56  0000B4  000F0A      1CAC       0  CODE        2
                text34                         000F0A  0000F6  001000      1E14       0  CODE        2
                stringtext                     001000  000080  001080      2000       0  STRCODE     2
                text38                         0016B1  000005  0016B6      2D62       0  CODE        2
                clrtext                        0016B6  000006  0016BC      2D6C       0  CODE        2
                text35                         0016BC  000008  0016C4      2D78       0  CODE        2
                text3                          0016C4  000008  0016CC      2D88       0  CODE        2
                text49                         0016CC  000009  0016D5      2D98       0  CODE        2
                text5                          0016D5  00000B  0016E0      2DAA       0  CODE        2
                text50                         0016E0  00000E  0016EE      2DC0       0  CODE        2
                text40                         0016EE  00000E  0016FC      2DDC       0  CODE        2
                text22                         0016FC  00000E  00170A      2DF8       0  CODE        2
                text48                         00170A  00000F  001719      2E14       0  CODE        2
                text19                         001719  00000F  001728      2E32       0  CODE        2
                text1                          001728  00000F  001737      2E50       0  CODE        2
                text44                         001737  000011  001748      2E6E       0  CODE        2
                text21                         001748  000012  00175A      2E90       0  CODE        2
                text20                         00175A  000012  00176C      2EB4       0  CODE        2
                maintext                       00176C  000013  00177F      2ED8       0  CODE        2
                text51                         00177F  000018  001797      2EFE       0  CODE        2
                text15                         001797  000019  0017B0      2F2E       0  CODE        2
                text6                          0017B0  000019  0017C9      2F60       0  CODE        2
                text41                         0017C9  00001B  0017E4      2F92       0  CODE        2
                text54                         0017E4  00001C  001800      2FC8       0  CODE        2
                config                         008007  000004  00800B     1000E       0  CONFIG      2


UNUSED ADDRESS RANGES

        Name                Unused          Largest block    Delta
        BANK0            0006E-0006F               2           1
        BANK1            000EC-000EF               4           1
        BANK10           00520-0056F              50           1
        BANK11           005A0-005EF              50           1
        BANK12           00620-0064F              30           1
        BANK2            00150-0016F              20           1
        BANK3            001A0-001EF              50           1
        BANK4            00220-0026F              50           1
        BANK5            002A0-002EF              50           1
        BANK6            00320-0036F              50           1
        BANK7            003A0-003EF              50           1
        BANK8            00420-0046F              50           1
        BANK9            004A0-004EF              50           1
        BIGRAM           02000-023EF             3F0           1
        CODE             00002-00003               2           2
                         00800-00800               1
                         01080-016B0             631
                         01800-01FFF             800
        COMMON           0007C-0007D               2           1
        CONST            00002-00003               2           2
                         00800-00800               1
                         01080-016B0             100
                         01800-01FFF             100
        EEDATA           0F000-0F0FF             100           2
        ENTRY            00002-00003               2           2
                         00800-00800               1
                         01080-016B0             100
                         01800-01FFF             100
        IDLOC            08000-08003               4           2
        RAM              0006E-0006F               2           1
                         000EC-000EF               4
                         00150-0016F              20
                         001A0-001EF              50
                         00220-0026F              50
                         002A0-002EF              50
                         00320-0036F              50
                         003A0-003EF              50
                         00420-0046F              50
                         004A0-004EF              50
                         00520-0056F              50
                         005A0-005EF              50
                         00620-0064F              30
        SFR0             00000-0001F              20           1
        SFR1             00080-0009F              20           1
        SFR10            00500-0051F              20           1
        SFR11            00580-0059F              20           1
        SFR12            00600-0061F              20           1
        SFR13            00680-006EF              70           1
        SFR14            00700-0076F              70           1
        SFR15            00780-007EF              70           1
        SFR16            00800-0086F              70           1
        SFR17            00880-008EF              70           1
        SFR18            00900-0096F              70           1
        SFR19            00980-009EF              70           1
        SFR2             00100-0011F              20           1
        SFR20            00A00-00A6F              70           1
        SFR21            00A80-00AEF              70           1
        SFR22            00B00-00B6F              70           1
        SFR23            00B80-00BEF              70           1
        SFR24            00C00-00C6F              70           1
        SFR25            00C80-00CEF              70           1
        SFR26            00D00-00D6F              70           1
        SFR27            00D80-00DEF              70           1
        SFR28            00E00-00E6F              70           1
        SFR29            00E80-00EEF              70           1
        SFR3             00180-0019F              20           1
        SFR30            00F00-00F6F              70           1
        SFR31            00F80-00FEF              70           1
        SFR4             00200-0021F              20           1
        SFR5             00280-0029F              20           1
        SFR6             00300-0031F              20           1
        SFR7             00380-0039F              20           1
        SFR8             00400-0041F              20           1
        SFR9             00480-0049F              20           1
        STACK            020D0-023EF             320           1
        STRCODE          00002-00003               2           2
                         00800-00800               1
                         01080-016B0             631
                         01800-01FFF             800
        STRING           00002-00003               2           2
                         00800-00800               1
                         01080-016B0             100
                         01800-01FFF             100

                                  Symbol Table

?_CMD_GetData                        cstackCOMMON 00072
?_ParseLong                          cstackBANK0  00033
?_ParseUByte                         cstackBANK0  00039
?_Split                              cstackBANK0  0002C
?___altoft                           cstackBANK0  00061
?___awtoft                           cstackBANK0  00020
?___ftadd                            cstackBANK0  00046
?___ftdiv                            cstackBANK0  00026
?___ftmul                            cstackBANK0  00036
?___ftneg                            cstackCOMMON 00072
?___ftpack                           cstackCOMMON 00072
?___ftsub                            cstackBANK1  000A5
?___fttol                            cstackBANK0  00053
?___lmul                             cstackCOMMON 00072
?___lwdiv                            cstackCOMMON 00072
?___lwmod                            cstackBANK0  00020
?___lwtoft                           cstackBANK0  00020
?___wmul                             cstackCOMMON 00072
?_eval_poly                          cstackBANK0  00053
?_floor                              cstackBANK0  00069
?_printf                             cstackBANK0  00026
?_sin                                cstackBANK1  000AB
?_strchr                             cstackCOMMON 00072
?_strcmp                             cstackCOMMON 00072
?_strcspn                            cstackBANK0  00020
?_strspn                             cstackBANK0  00020
?_strtol                             cstackBANK0  00024
CC_CheckRegister@buf                 cstackBANK1  000C4
CMD_Execute@addr                     cstackBANK0  00048
CMD_Execute@buf                      cstackBANK0  00043
CMD_Execute@cmd                      cstackBANK0  00042
CMD_Execute@cnt                      cstackBANK0  00047
CMD_Execute@val                      cstackBANK0  00046
CMD_GetData@addr                     cstackCOMMON 00075
CMD_GetData@data                     cstackCOMMON 00072
CMD_SetData@addr                     cstackCOMMON 00074
CMD_SetData@data                     cstackCOMMON 00072
EUSART_Read@readValue                cstackCOMMON 00073
EUSART_Write@txData                  cstackCOMMON 00073
MCP4922_Write@val                    cstackBANK1  000B8
PIN_MANAGER_Initialize@state         cstackCOMMON 00072
ParseLong@base                       cstackBANK0  00034
ParseLong@end                        cstackBANK0  00038
ParseLong@ret                        cstackBANK0  00033
ParseLong@str                        cstackBANK0  00037
ParseUByte@base                      cstackBANK0  0003A
ParseUByte@ret                       cstackBANK0  00039
ParseUByte@str                       cstackBANK0  0003D
ParseUByte@val                       cstackBANK0  0003E
SPI1_Exchange8bit@data               cstackCOMMON 00072
Split@cnt                            cstackBANK0  00032
Split@delimiter                      cstackBANK0  0002C
Split@out                            cstackBANK0  0002E
Split@str                            cstackBANK0  00031
Split@tok                            cstackBANK0  00034
_ANSELA                              (abs)        0018C
_ANSELC                              (abs)        0018E
_Angle                               bssBANK1     000DD
_BAUD1CON                            (abs)        0019F
_CC_CheckRegister                    text24       004CD
_CC_CheckRegister$1301               cstackBANK1  000BE
_CC_CheckRegister$1302               cstackBANK1  000C1
_CC_Reg                              bssBANK1     000E5
_CMD_Buf                             bssBANK2     00130
_CMD_Execute                         text9        0071D
_CMD_GetData                         text51       0177F
_CMD_Ptr                             bssCOMMON    0007A
_CMD_Receive                         text7        00AF0
_CMD_Reg                             bssBANK1     000D8
_CMD_SetData                         text50       016E0
_EUSART_Initialize                   text6        017B0
_EUSART_Read                         text8        00832
_EUSART_Receive_ISR                  text54       017E4
_EUSART_Transmit_ISR                 text53       00816
_EUSART_Write                        text39       0084E
_GIE                                 (abs)        0005F
_INTCONbits                          (abs)        0000B
_INTERRUPT_InterruptManager          intentry     00004
_LATA                                (abs)        0010C
_LATC                                (abs)        0010E
_LATCbits                            (abs)        0010E
_MCP4922_Write                       text48       0170A
_ODCONA                              (abs)        0028C
_ODCONC                              (abs)        0028E
_OSCCON1                             (abs)        00919
_OSCCON3                             (abs)        0091B
_OSCEN                               (abs)        0091D
_OSCFRQ                              (abs)        0091F
_OSCILLATOR_Initialize               text5        016D5
_OSCTUNE                             (abs)        0091E
_PIE1bits                            (abs)        00091
_PIN_MANAGER_Initialize              text4        00B31
_PIR1bits                            (abs)        00011
_PLLR                                (abs)        048E0
_PPSLOCK                             (abs)        00E0F
_PPSLOCKbits                         (abs)        00E0F
_ParseLong                           text17       0086F
_ParseUByte                          text16       00948
_RC0PPSbits                          (abs)        00EA0
_RC1PPSbits                          (abs)        00EA1
_RC1REG                              (abs)        00199
_RC1STA                              (abs)        0019D
_RC1STAbits                          (abs)        0019D
_RC4PPSbits                          (abs)        00EA4
_RXPPSbits                           (abs)        00E24
_SP1BRGH                             (abs)        0019C
_SP1BRGL                             (abs)        0019B
_SPI1_Exchange8bit                   text49       016CC
_SPI1_Initialize                     text3        016C4
_SSP1ADD                             (abs)        00212
_SSP1BUF                             (abs)        00211
_SSP1CLKPPSbits                      (abs)        00E20
_SSP1CON1                            (abs)        00215
_SSP1CON1bits                        (abs)        00215
_SSP1DATPPSbits                      (abs)        00E21
_SSP1STAT                            (abs)        00214
_SSP1STATbits                        (abs)        00214
_SYSTEM_Initialize                   text1        01728
_Split                               text11       008C1
_TRISA                               (abs)        0008C
_TRISC                               (abs)        0008E
_TX1REG                              (abs)        0019A
_TX1STA                              (abs)        0019E
_WDTCON                              (abs)        00097
_WDT_Initialize                      text2        007FC
_WPUA                                (abs)        0020C
_WPUC                                (abs)        0020E
__CFG_BOREN$ON                       (abs)        00000
__CFG_BORV$LOW                       (abs)        00000
__CFG_CLKOUTEN$OFF                   (abs)        00000
__CFG_CP$OFF                         (abs)        00000
__CFG_CPD$OFF                        (abs)        00000
__CFG_CSWEN$ON                       (abs)        00000
__CFG_DEBUG$OFF                      (abs)        00000
__CFG_FCMEN$ON                       (abs)        00000
__CFG_FEXTOSC$OFF                    (abs)        00000
__CFG_LPBOREN$OFF                    (abs)        00000
__CFG_LVP$ON                         (abs)        00000
__CFG_MCLRE$OFF                      (abs)        00000
__CFG_PPS1WAY$ON                     (abs)        00000
__CFG_PWRTE$OFF                      (abs)        00000
__CFG_RSTOSC$HFINT32                 (abs)        00000
__CFG_STVREN$ON                      (abs)        00000
__CFG_WDTE$OFF                       (abs)        00000
__CFG_WRT$OFF                        (abs)        00000
__Habs1                              abs1         00000
__Hbank0                             bank0        00000
__Hbank1                             bank1        00000
__Hbank10                            bank10       00000
__Hbank11                            bank11       00000
__Hbank12                            bank12       00000
__Hbank13                            bank13       00000
__Hbank14                            bank14       00000
__Hbank15                            bank15       00000
__Hbank16                            bank16       00000
__Hbank17                            bank17       00000
__Hbank18                            bank18       00000
__Hbank19                            bank19       00000
__Hbank2                             bank2        00000
__Hbank20                            bank20       00000
__Hbank21                            bank21       00000
__Hbank22                            bank22       00000
__Hbank23                            bank23       00000
__Hbank24                            bank24       00000
__Hbank25                            bank25       00000
__Hbank26                            bank26       00000
__Hbank27                            bank27       00000
__Hbank28                            bank28       00000
__Hbank29                            bank29       00000
__Hbank3                             bank3        00000
__Hbank30                            bank30       00000
__Hbank31                            bank31       00000
__Hbank4                             bank4        00000
__Hbank5                             bank5        00000
__Hbank6                             bank6        00000
__Hbank7                             bank7        00000
__Hbank8                             bank8        00000
__Hbank9                             bank9        00000
__Hbigram                            bigram       00000
__HbssBANK1                          bssBANK1     00000
__HbssBANK2                          bssBANK2     00000
__HbssCOMMON                         bssCOMMON    00000
__Hcinit                             cinit        0003B
__Hclrtext                           clrtext      00000
__Hcode                              code         00000
__Hcommon                            common       00000
__Hconfig                            config       0800B
__HcstackBANK0                       cstackBANK0  00000
__HcstackBANK1                       cstackBANK1  00000
__HcstackCOMMON                      cstackCOMMON 00000
__Heeprom_data                       eeprom_data  00000
__Hend_init                          end_init     00026
__Hfunctab                           functab      00000
__Hidloc                             idloc        00000
__Hinit                              init         00024
__Hintentry                          intentry     00024
__Hmaintext                          maintext     00000
__Hpowerup                           powerup      00000
__Hram                               ram          00000
__Hreset_vec                         reset_vec    00002
__Hsfr0                              sfr0         00000
__Hsfr1                              sfr1         00000
__Hsfr10                             sfr10        00000
__Hsfr11                             sfr11        00000
__Hsfr12                             sfr12        00000
__Hsfr13                             sfr13        00000
__Hsfr14                             sfr14        00000
__Hsfr15                             sfr15        00000
__Hsfr16                             sfr16        00000
__Hsfr17                             sfr17        00000
__Hsfr18                             sfr18        00000
__Hsfr19                             sfr19        00000
__Hsfr2                              sfr2         00000
__Hsfr20                             sfr20        00000
__Hsfr21                             sfr21        00000
__Hsfr22                             sfr22        00000
__Hsfr23                             sfr23        00000
__Hsfr24                             sfr24        00000
__Hsfr25                             sfr25        00000
__Hsfr26                             sfr26        00000
__Hsfr27                             sfr27        00000
__Hsfr28                             sfr28        00000
__Hsfr29                             sfr29        00000
__Hsfr3                              sfr3         00000
__Hsfr30                             sfr30        00000
__Hsfr31                             sfr31        00000
__Hsfr4                              sfr4         00000
__Hsfr5                              sfr5         00000
__Hsfr6                              sfr6         00000
__Hsfr7                              sfr7         00000
__Hsfr8                              sfr8         00000
__Hsfr9                              sfr9         00000
__Hspace_0                           (abs)        0800B
__Hspace_1                           (abs)        00150
__Hspace_2                           (abs)        00000
__Hspace_3                           (abs)        00000
__Hstack                             stack        00000
__Hstrings                           strings      00000
__Hstringtext                        stringtext   00000
__Htext                              text         00000
__Labs1                              abs1         00000
__Lbank0                             bank0        00000
__Lbank1                             bank1        00000
__Lbank10                            bank10       00000
__Lbank11                            bank11       00000
__Lbank12                            bank12       00000
__Lbank13                            bank13       00000
__Lbank14                            bank14       00000
__Lbank15                            bank15       00000
__Lbank16                            bank16       00000
__Lbank17                            bank17       00000
__Lbank18                            bank18       00000
__Lbank19                            bank19       00000
__Lbank2                             bank2        00000
__Lbank20                            bank20       00000
__Lbank21                            bank21       00000
__Lbank22                            bank22       00000
__Lbank23                            bank23       00000
__Lbank24                            bank24       00000
__Lbank25                            bank25       00000
__Lbank26                            bank26       00000
__Lbank27                            bank27       00000
__Lbank28                            bank28       00000
__Lbank29                            bank29       00000
__Lbank3                             bank3        00000
__Lbank30                            bank30       00000
__Lbank31                            bank31       00000
__Lbank4                             bank4        00000
__Lbank5                             bank5        00000
__Lbank6                             bank6        00000
__Lbank7                             bank7        00000
__Lbank8                             bank8        00000
__Lbank9                             bank9        00000
__Lbigram                            bigram       00000
__LbssBANK1                          bssBANK1     00000
__LbssBANK2                          bssBANK2     00000
__LbssCOMMON                         bssCOMMON    00000
__Lcinit                             cinit        00026
__Lclrtext                           clrtext      00000
__Lcode                              code         00000
__Lcommon                            common       00000
__Lconfig                            config       08007
__LcstackBANK0                       cstackBANK0  00000
__LcstackBANK1                       cstackBANK1  00000
__LcstackCOMMON                      cstackCOMMON 00000
__Leeprom_data                       eeprom_data  00000
__Lend_init                          end_init     00024
__Lfunctab                           functab      00000
__Lidloc                             idloc        00000
__Linit                              init         00024
__Lintentry                          intentry     00004
__Lmaintext                          maintext     00000
__Lpowerup                           powerup      00000
__Lram                               ram          00000
__Lreset_vec                         reset_vec    00000
__Lsfr0                              sfr0         00000
__Lsfr1                              sfr1         00000
__Lsfr10                             sfr10        00000
__Lsfr11                             sfr11        00000
__Lsfr12                             sfr12        00000
__Lsfr13                             sfr13        00000
__Lsfr14                             sfr14        00000
__Lsfr15                             sfr15        00000
__Lsfr16                             sfr16        00000
__Lsfr17                             sfr17        00000
__Lsfr18                             sfr18        00000
__Lsfr19                             sfr19        00000
__Lsfr2                              sfr2         00000
__Lsfr20                             sfr20        00000
__Lsfr21                             sfr21        00000
__Lsfr22                             sfr22        00000
__Lsfr23                             sfr23        00000
__Lsfr24                             sfr24        00000
__Lsfr25                             sfr25        00000
__Lsfr26                             sfr26        00000
__Lsfr27                             sfr27        00000
__Lsfr28                             sfr28        00000
__Lsfr29                             sfr29        00000
__Lsfr3                              sfr3         00000
__Lsfr30                             sfr30        00000
__Lsfr31                             sfr31        00000
__Lsfr4                              sfr4         00000
__Lsfr5                              sfr5         00000
__Lsfr6                              sfr6         00000
__Lsfr7                              sfr7         00000
__Lsfr8                              sfr8         00000
__Lsfr9                              sfr9         00000
__Lspace_0                           (abs)        00000
__Lspace_1                           (abs)        00000
__Lspace_2                           (abs)        00000
__Lspace_3                           (abs)        00000
__Lstack                             stack        00000
__Lstrings                           strings      00000
__Lstringtext                        stringtext   00000
__Ltext                              text         00000
__S0                                 (abs)        0800B
__S1                                 (abs)        00150
__S2                                 (abs)        00000
__S3                                 (abs)        00000
___altoft                            text30       00A76
___altoft@c                          cstackBANK0  00061
___altoft@exp                        cstackBANK0  00067
___altoft@sign                       cstackBANK0  00068
___awtoft                            text46       007DA
___awtoft@c                          cstackBANK0  00020
___awtoft@sign                       cstackBANK0  00025
___bmul                              text44       01737
___bmul@multiplicand                 cstackCOMMON 00072
___bmul@multiplier                   cstackCOMMON 00075
___bmul@product                      cstackCOMMON 00074
___ftadd                             text34       00F0A
___ftadd@exp1                        cstackBANK0  00052
___ftadd@exp2                        cstackBANK0  00051
___ftadd@f1                          cstackBANK0  00046
___ftadd@f2                          cstackBANK0  00049
___ftadd@sign                        cstackBANK0  00050
___ftdiv                             text36       00DAD
___ftdiv@cntr                        cstackBANK0  00030
___ftdiv@exp                         cstackBANK0  00034
___ftdiv@f1                          cstackBANK0  00029
___ftdiv@f2                          cstackBANK0  00026
___ftdiv@f3                          cstackBANK0  00031
___ftdiv@sign                        cstackBANK0  00035
___ftge                              text29       00AB3
___ftge@ff1                          cstackCOMMON 00072
___ftge@ff2                          cstackCOMMON 00075
___ftmul                             text32       00E56
___ftmul@cntr                        cstackBANK0  00044
___ftmul@exp                         cstackBANK0  00040
___ftmul@f1                          cstackBANK0  00036
___ftmul@f2                          cstackBANK0  00039
___ftmul@f3_as_product               cstackBANK0  00041
___ftmul@sign                        cstackBANK0  00045
___ftneg                             text35       016BC
___ftneg@f1                          cstackCOMMON 00072
___ftpack                            text47       00C28
___ftpack@arg                        cstackCOMMON 00072
___ftpack@exp                        cstackCOMMON 00075
___ftpack@sign                       cstackCOMMON 00076
___ftsub                             text33       0091A
___ftsub@f1                          cstackBANK1  000A8
___ftsub@f2                          cstackBANK1  000A5
___fttol                             text28       00C8C
___fttol@exp1                        cstackBANK0  00060
___fttol@f1                          cstackBANK0  00053
___fttol@lval                        cstackBANK0  0005C
___fttol@sign1                       cstackBANK0  0005B
___int_sp                            stack        00000
___latbits                           (abs)        00002
___lmul                              text23       009DB
___lmul@multiplicand                 cstackCOMMON 00076
___lmul@multiplier                   cstackCOMMON 00072
___lmul@product                      cstackBANK0  00020
___lwdiv                             text43       00A0D
___lwdiv@counter                     cstackCOMMON 00079
___lwdiv@dividend                    cstackCOMMON 00074
___lwdiv@divisor                     cstackCOMMON 00072
___lwdiv@quotient                    cstackCOMMON 00077
___lwmod                             text42       008ED
___lwmod@counter                     cstackBANK0  00025
___lwmod@dividend                    cstackBANK0  00022
___lwmod@divisor                     cstackBANK0  00020
___lwtoft                            text45       00801
___lwtoft@c                          cstackBANK0  00020
___sp                                stack        00000
___wmul                              text41       017C9
___wmul@multiplicand                 cstackCOMMON 00074
___wmul@multiplier                   cstackCOMMON 00072
___wmul@product                      cstackCOMMON 00076
__end_of_CC_CheckRegister            text24       0061F
__end_of_CMD_Execute                 text9        007DA
__end_of_CMD_GetData                 text51       01797
__end_of_CMD_Receive                 text7        00B31
__end_of_CMD_SetData                 text50       016EE
__end_of_EUSART_Initialize           text6        017C9
__end_of_EUSART_Read                 text8        0084E
__end_of_EUSART_Receive_ISR          text54       01800
__end_of_EUSART_Transmit_ISR         text53       00832
__end_of_EUSART_Write                text39       0086F
__end_of_INTERRUPT_InterruptManager  intentry     00024
__end_of_MCP4922_Write               text48       01719
__end_of_OSCILLATOR_Initialize       text5        016E0
__end_of_PIN_MANAGER_Initialize      text4        00B76
__end_of_ParseLong                   text17       00898
__end_of_ParseUByte                  text16       00979
__end_of_SPI1_Exchange8bit           text49       016D5
__end_of_SPI1_Initialize             text3        016CC
__end_of_SYSTEM_Initialize           text1        01737
__end_of_Split                       text11       008ED
__end_of_WDT_Initialize              text2        00800
__end_of___altoft                    text30       00AB3
__end_of___awtoft                    text46       007FC
__end_of___bmul                      text44       01748
__end_of___ftadd                     text34       01000
__end_of___ftdiv                     text36       00E56
__end_of___ftge                      text29       00AF0
__end_of___ftmul                     text32       00F0A
__end_of___ftneg                     text35       016C4
__end_of___ftpack                    text47       00C8C
__end_of___ftsub                     text33       00948
__end_of___fttol                     text28       00D13
__end_of___lmul                      text23       00A0D
__end_of___lwdiv                     text43       00A41
__end_of___lwmod                     text42       0091A
__end_of___lwtoft                    text45       00816
__end_of___wmul                      text41       017E4
__end_of__initialization             cinit        00037
__end_of_dpowers                     stringtext   0100A
__end_of_eval_poly                   text31       00C28
__end_of_floor                       text26       00DAD
__end_of_frexp                       text27       00A76
__end_of_hexpowers                   stringtext   01012
__end_of_isalpha                     text21       0175A
__end_of_isdigit                     text40       016FC
__end_of_isspace                     text20       0176C
__end_of_isupper                     text22       0170A
__end_of_main                        maintext     0177F
__end_of_printf                      text37       00311
__end_of_putch                       text38       016B6
__end_of_sin                         text25       004CD
__end_of_strchr                      text15       017B0
__end_of_strcmp                      text10       008C1
__end_of_strcspn                     text14       009AA
__end_of_strspn                      text13       009DB
__end_of_strtok                      text12       00BC8
__end_of_strtol                      text18       0071D
__end_of_toupper                     text19       01728
__end_ofsin@coeff_a                  stringtext   01021
__end_ofsin@coeff_b                  stringtext   0102D
__initialization                     cinit        00026
__pbssBANK1                          bssBANK1     000C8
__pbssBANK2                          bssBANK2     00120
__pbssCOMMON                         bssCOMMON    0007A
__pcstackBANK0                       cstackBANK0  00020
__pcstackBANK1                       cstackBANK1  000A0
__pcstackCOMMON                      cstackCOMMON 00070
__pintentry                          intentry     00004
__pmaintext                          maintext     0176C
__pstringtext                        stringtext   01000
__ptext1                             text1        01728
__ptext10                            text10       00898
__ptext11                            text11       008C1
__ptext12                            text12       00B76
__ptext13                            text13       009AA
__ptext14                            text14       00979
__ptext15                            text15       01797
__ptext16                            text16       00948
__ptext17                            text17       0086F
__ptext18                            text18       0061F
__ptext19                            text19       01719
__ptext2                             text2        007FC
__ptext20                            text20       0175A
__ptext21                            text21       01748
__ptext22                            text22       016FC
__ptext23                            text23       009DB
__ptext24                            text24       004CD
__ptext25                            text25       00311
__ptext26                            text26       00D13
__ptext27                            text27       00A41
__ptext28                            text28       00C8C
__ptext29                            text29       00AB3
__ptext3                             text3        016C4
__ptext30                            text30       00A76
__ptext31                            text31       00BC8
__ptext32                            text32       00E56
__ptext33                            text33       0091A
__ptext34                            text34       00F0A
__ptext35                            text35       016BC
__ptext36                            text36       00DAD
__ptext37                            text37       0003B
__ptext38                            text38       016B1
__ptext39                            text39       0084E
__ptext4                             text4        00B31
__ptext40                            text40       016EE
__ptext41                            text41       017C9
__ptext42                            text42       008ED
__ptext43                            text43       00A0D
__ptext44                            text44       01737
__ptext45                            text45       00801
__ptext46                            text46       007DA
__ptext47                            text47       00C28
__ptext48                            text48       0170A
__ptext49                            text49       016CC
__ptext5                             text5        016D5
__ptext50                            text50       016E0
__ptext51                            text51       0177F
__ptext53                            text53       00816
__ptext54                            text54       017E4
__ptext6                             text6        017B0
__ptext7                             text7        00AF0
__ptext8                             text8        00832
__ptext9                             text9        0071D
__size_of_CC_CheckRegister           (abs)        00000
__size_of_CMD_Execute                (abs)        00000
__size_of_CMD_GetData                (abs)        00000
__size_of_CMD_Receive                (abs)        00000
__size_of_CMD_SetData                (abs)        00000
__size_of_EUSART_Initialize          (abs)        00000
__size_of_EUSART_Read                (abs)        00000
__size_of_EUSART_Receive_ISR         (abs)        00000
__size_of_EUSART_Transmit_ISR        (abs)        00000
__size_of_EUSART_Write               (abs)        00000
__size_of_INTERRUPT_InterruptManager (abs)        00000
__size_of_MCP4922_Write              (abs)        00000
__size_of_OSCILLATOR_Initialize      (abs)        00000
__size_of_PIN_MANAGER_Initialize     (abs)        00000
__size_of_ParseLong                  (abs)        00000
__size_of_ParseUByte                 (abs)        00000
__size_of_SPI1_Exchange8bit          (abs)        00000
__size_of_SPI1_Initialize            (abs)        00000
__size_of_SYSTEM_Initialize          (abs)        00000
__size_of_Split                      (abs)        00000
__size_of_WDT_Initialize             (abs)        00000
__size_of___altoft                   (abs)        00000
__size_of___awtoft                   (abs)        00000
__size_of___bmul                     (abs)        00000
__size_of___ftadd                    (abs)        00000
__size_of___ftdiv                    (abs)        00000
__size_of___ftge                     (abs)        00000
__size_of___ftmul                    (abs)        00000
__size_of___ftneg                    (abs)        00000
__size_of___ftpack                   (abs)        00000
__size_of___ftsub                    (abs)        00000
__size_of___fttol                    (abs)        00000
__size_of___lmul                     (abs)        00000
__size_of___lwdiv                    (abs)        00000
__size_of___lwmod                    (abs)        00000
__size_of___lwtoft                   (abs)        00000
__size_of___wmul                     (abs)        00000
__size_of_eval_poly                  (abs)        00000
__size_of_floor                      (abs)        00000
__size_of_frexp                      (abs)        00000
__size_of_isalpha                    (abs)        00000
__size_of_isdigit                    (abs)        00000
__size_of_isspace                    (abs)        00000
__size_of_isupper                    (abs)        00000
__size_of_main                       (abs)        00000
__size_of_printf                     (abs)        00000
__size_of_putch                      (abs)        00000
__size_of_sin                        (abs)        00000
__size_of_strchr                     (abs)        00000
__size_of_strcmp                     (abs)        00000
__size_of_strcspn                    (abs)        00000
__size_of_strspn                     (abs)        00000
__size_of_strtok                     (abs)        00000
__size_of_strtol                     (abs)        00000
__size_of_toupper                    (abs)        00000
_dpowers                             stringtext   01000
_eusartRxBuffer                      bssBANK2     00120
_eusartRxCount                       bssCOMMON    0007B
_eusartRxHead                        bssBANK1     000E1
_eusartRxTail                        bssBANK1     000E0
_eusartTxBuffer                      bssBANK1     000C8
_eusartTxBufferRemaining             bssBANK1     000E2
_eusartTxHead                        bssBANK1     000E4
_eusartTxTail                        bssBANK1     000E3
_eval_poly                           text31       00BC8
_floor                               text26       00D13
_frexp                               text27       00A41
_hexpowers                           stringtext   0100A
_isalpha                             text21       01748
_isalpha$1067                        cstackCOMMON 00074
_isdigit                             text40       016EE
_isdigit$907                         cstackCOMMON 00072
_isspace                             text20       0175A
_isspace$1070                        cstackCOMMON 00072
_isupper                             text22       016FC
_isupper$1073                        cstackCOMMON 00072
_main                                maintext     0176C
_printf                              text37       0003B
_putch                               text38       016B1
_sin                                 text25       00311
_sin$1303                            cstackBANK1  000B1
_strchr                              text15       01797
_strcmp                              text10       00898
_strcspn                             text14       00979
_strspn                              text13       009AA
_strtok                              text12       00B76
_strtol                              text18       0061F
_toupper                             text19       01719
btemp                                (abs)        0007E
clear_ram0                           clrtext      016B6
end_of_initialization                cinit        00037
eval_poly@d                          cstackBANK0  00056
eval_poly@n                          cstackBANK0  00058
eval_poly@res                        cstackBANK0  0005A
eval_poly@x                          cstackBANK0  00053
floor@expon                          cstackBANK1  000A3
floor@i                              cstackBANK1  000A0
floor@x                              cstackBANK0  00069
frexp@eptr                           cstackCOMMON 00075
frexp@value                          cstackCOMMON 00072
int$flags                            (abs)        0007E
intlevel0                            functab      00000
intlevel1                            functab      00000
intlevel2                            functab      00000
intlevel3                            functab      00000
intlevel4                            functab      00000
intlevel5                            functab      00000
isalpha@c                            cstackCOMMON 00075
isdigit@c                            cstackCOMMON 00073
isspace@c                            cstackCOMMON 00073
isupper@c                            cstackCOMMON 00073
main@angle                           cstackBANK1  000C5
printf@ap                            cstackBANK0  00035
printf@c                             cstackBANK0  0003F
printf@cp                            cstackBANK0  00033
printf@f                             cstackBANK0  00026
printf@flag                          cstackBANK0  0003A
printf@idx                           cstackBANK0  00032
printf@len                           cstackBANK0  00036
printf@prec                          cstackBANK0  0003E
printf@val                           cstackBANK0  00038
printf@width                         cstackBANK0  0003C
putch@txData                         cstackCOMMON 00074
reset_vec                            reset_vec    00000
sin@coeff_a                          stringtext   01012
sin@coeff_b                          stringtext   01021
sin@f                                cstackBANK1  000AB
sin@sgn                              cstackBANK1  000B7
sin@x2                               cstackBANK1  000B4
sin@y                                cstackBANK1  000AE
stackhi                              (abs)        023EF
stacklo                              (abs)        020D0
start                                init         00024
start_initialization                 cinit        00026
strchr@chr                           cstackCOMMON 00074
strchr@ptr                           cstackCOMMON 00072
strcmp@r                             cstackCOMMON 00075
strcmp@s1                            cstackCOMMON 00076
strcmp@s2                            cstackCOMMON 00072
strcspn@i                            cstackBANK0  00024
strcspn@s1                           cstackBANK0  00026
strcspn@s2                           cstackBANK0  00020
strspn@i                             cstackBANK0  00024
strspn@s1                            cstackBANK0  00026
strspn@s2                            cstackBANK0  00020
strtok@s1                            cstackCOMMON 00079
strtok@s2                            cstackBANK0  00027
strtok@sp                            bssBANK1     000DF
strtol@a                             cstackBANK0  0002D
strtol@base                          cstackBANK0  00025
strtol@c                             cstackBANK0  00032
strtol@endptr                        cstackBANK0  00024
strtol@s                             cstackBANK0  00031
strtol@sign                          cstackBANK0  0002C
toupper@c                            cstackCOMMON 00073
wtemp0                               (abs)        0007E


FUNCTION INFORMATION:

 *************** function _main *****************
 Defined at:
		line 58 in file "main.c"
 Parameters:    Size  Location     Type
		None
 Auto vars:     Size  Location     Type
  angle           3   37[BANK1 ] PTR const unsigned char 
  buf             1    0        unsigned char 
 Return value:  Size  Location     Type
                  1    wreg      void 
 Registers used:
		wreg, fsr0l, fsr0h, fsr1l, fsr1h, status,2, status,0, pclath, cstack
 Tracked objects:
		On entry : 
		On exit  : 
		Unchanged: 
 Data sizes:     COMMON   BANK0   BANK1   BANK2   BANK3   BANK4   BANK5   BANK6   BANK7   BANK8   BANK9  BANK10  BANK11  BANK12
      Params:         0       0       0       0       0       0       0       0       0       0       0       0       0       0
      Locals:         0       0       3       0       0       0       0       0       0       0       0       0       0       0
      Temps:          0       0       0       0       0       0       0       0       0       0       0       0       0       0
      Totals:         0       0       3       0       0       0       0       0       0       0       0       0       0       0
Total ram usage:        3 bytes
 Hardware stack levels required when called:    9
 This function calls:
		_CC_CheckRegister
		_CMD_Receive
		_SYSTEM_Initialize
 This function is called by:
		Startup code after reset
 This function uses a non-reentrant model


 *************** function _SYSTEM_Initialize *****************
 Defined at:
		line 76 in file "mcc_generated_files/mcc.c"
 Parameters:    Size  Location     Type
		None
 Auto vars:     Size  Location     Type
		None
 Return value:  Size  Location     Type
                  1    wreg      void 
 Registers used:
		wreg, status,2, status,0, pclath, cstack
 Tracked objects:
		On entry : 
		On exit  : 
		Unchanged: 
 Data sizes:     COMMON   BANK0   BANK1   BANK2   BANK3   BANK4   BANK5   BANK6   BANK7   BANK8   BANK9  BANK10  BANK11  BANK12
      Params:         0       0       0       0       0       0       0       0       0       0       0       0       0       0
      Locals:         0       0       0       0       0       0       0       0       0       0       0       0       0       0
      Temps:          0       0       0       0       0       0       0       0       0       0       0       0       0       0
      Totals:         0       0       0       0       0       0       0       0       0       0       0       0       0       0
Total ram usage:        0 bytes
 Hardware stack levels used:    1
 Hardware stack levels required when called:    3
 This function calls:
		_EUSART_Initialize
		_OSCILLATOR_Initialize
		_PIN_MANAGER_Initialize
		_SPI1_Initialize
		_WDT_Initialize
 This function is called by:
		_main
 This function uses a non-reentrant model


 *************** function _WDT_Initialize *****************
 Defined at:
		line 106 in file "mcc_generated_files/mcc.c"
 Parameters:    Size  Location     Type
		None
 Auto vars:     Size  Location     Type
		None
 Return value:  Size  Location     Type
                  1    wreg      void 
 Registers used:
		wreg
 Tracked objects:
		On entry : 
		On exit  : 
		Unchanged: 
 Data sizes:     COMMON   BANK0   BANK1   BANK2   BANK3   BANK4   BANK5   BANK6   BANK7   BANK8   BANK9  BANK10  BANK11  BANK12
      Params:         0       0       0       0       0       0       0       0       0       0       0       0       0       0
      Locals:         0       0       0       0       0       0       0       0       0       0       0       0       0       0
      Temps:          0       0       0       0       0       0       0       0       0       0       0       0       0       0
      Totals:         0       0       0       0       0       0       0       0       0       0       0       0       0       0
Total ram usage:        0 bytes
 Hardware stack levels used:    1
 Hardware stack levels required when called:    2
 This function calls:
		Nothing
 This function is called by:
		_SYSTEM_Initialize
 This function uses a non-reentrant model


 *************** function _SPI1_Initialize *****************
 Defined at:
		line 63 in file "mcc_generated_files/spi1.c"
 Parameters:    Size  Location     Type
		None
 Auto vars:     Size  Location     Type
		None
 Return value:  Size  Location     Type
                  1    wreg      void 
 Registers used:
		wreg
 Tracked objects:
		On entry : 
		On exit  : 
		Unchanged: 
 Data sizes:     COMMON   BANK0   BANK1   BANK2   BANK3   BANK4   BANK5   BANK6   BANK7   BANK8   BANK9  BANK10  BANK11  BANK12
      Params:         0       0       0       0       0       0       0       0       0       0       0       0       0       0
      Locals:         0       0       0       0       0       0       0       0       0       0       0       0       0       0
      Temps:          0       0       0       0       0       0       0       0       0       0       0       0       0       0
      Totals:         0       0       0       0       0       0       0       0       0       0       0       0       0       0
Total ram usage:        0 bytes
 Hardware stack levels used:    1
 Hardware stack levels required when called:    2
 This function calls:
		Nothing
 This function is called by:
		_SYSTEM_Initialize
 This function uses a non-reentrant model


 *************** function _PIN_MANAGER_Initialize *****************
 Defined at:
		line 51 in file "mcc_generated_files/pin_manager.c"
 Parameters:    Size  Location     Type
		None
 Auto vars:     Size  Location     Type
  state           1    2[COMMON] unsigned char 
 Return value:  Size  Location     Type
                  1    wreg      void 
 Registers used:
		wreg, status,2, status,0
 Tracked objects:
		On entry : 
		On exit  : 
		Unchanged: 
 Data sizes:     COMMON   BANK0   BANK1   BANK2   BANK3   BANK4   BANK5   BANK6   BANK7   BANK8   BANK9  BANK10  BANK11  BANK12
      Params:         0       0       0       0       0       0       0       0       0       0       0       0       0       0
      Locals:         1       0       0       0       0       0       0       0       0       0       0       0       0       0
      Temps:          0       0       0       0       0       0       0       0       0       0       0       0       0       0
      Totals:         1       0       0       0       0       0       0       0       0       0       0       0       0       0
Total ram usage:        1 bytes
 Hardware stack levels used:    1
 Hardware stack levels required when called:    2
 This function calls:
		Nothing
 This function is called by:
		_SYSTEM_Initialize
 This function uses a non-reentrant model


 *************** function _OSCILLATOR_Initialize *****************
 Defined at:
		line 86 in file "mcc_generated_files/mcc.c"
 Parameters:    Size  Location     Type
		None
 Auto vars:     Size  Location     Type
		None
 Return value:  Size  Location     Type
                  1    wreg      void 
 Registers used:
		wreg, status,2
 Tracked objects:
		On entry : 
		On exit  : 
		Unchanged: 
 Data sizes:     COMMON   BANK0   BANK1   BANK2   BANK3   BANK4   BANK5   BANK6   BANK7   BANK8   BANK9  BANK10  BANK11  BANK12
      Params:         0       0       0       0       0       0       0       0       0       0       0       0       0       0
      Locals:         0       0       0       0       0       0       0       0       0       0       0       0       0       0
      Temps:          0       0       0       0       0       0       0       0       0       0       0       0       0       0
      Totals:         0       0       0       0       0       0       0       0       0       0       0       0       0       0
Total ram usage:        0 bytes
 Hardware stack levels used:    1
 Hardware stack levels required when called:    2
 This function calls:
		Nothing
 This function is called by:
		_SYSTEM_Initialize
 This function uses a non-reentrant model


 *************** function _EUSART_Initialize *****************
 Defined at:
		line 75 in file "mcc_generated_files/eusart.c"
 Parameters:    Size  Location     Type
		None
 Auto vars:     Size  Location     Type
		None
 Return value:  Size  Location     Type
                  1    wreg      void 
 Registers used:
		wreg, status,2
 Tracked objects:
		On entry : 
		On exit  : 
		Unchanged: 
 Data sizes:     COMMON   BANK0   BANK1   BANK2   BANK3   BANK4   BANK5   BANK6   BANK7   BANK8   BANK9  BANK10  BANK11  BANK12
      Params:         0       0       0       0       0       0       0       0       0       0       0       0       0       0
      Locals:         0       0       0       0       0       0       0       0       0       0       0       0       0       0
      Temps:          1       0       0       0       0       0       0       0       0       0       0       0       0       0
      Totals:         1       0       0       0       0       0       0       0       0       0       0       0       0       0
Total ram usage:        1 bytes
 Hardware stack levels used:    1
 Hardware stack levels required when called:    2
 This function calls:
		Nothing
 This function is called by:
		_SYSTEM_Initialize
 This function uses a non-reentrant model


 *************** function _CMD_Receive *****************
 Defined at:
		line 46 in file "command.c"
 Parameters:    Size  Location     Type
		None
 Auto vars:     Size  Location     Type
		None
 Return value:  Size  Location     Type
                  1    wreg      void 
 Registers used:
		wreg, fsr0l, fsr0h, fsr1l, fsr1h, status,2, status,0, pclath, cstack
 Tracked objects:
		On entry : 
		On exit  : 
		Unchanged: 
 Data sizes:     COMMON   BANK0   BANK1   BANK2   BANK3   BANK4   BANK5   BANK6   BANK7   BANK8   BANK9  BANK10  BANK11  BANK12
      Params:         0       0       0       0       0       0       0       0       0       0       0       0       0       0
      Locals:         0       0       0       0       0       0       0       0       0       0       0       0       0       0
      Temps:          0       1       0       0       0       0       0       0       0       0       0       0       0       0
      Totals:         0       1       0       0       0       0       0       0       0       0       0       0       0       0
Total ram usage:        1 bytes
 Hardware stack levels used:    1
 Hardware stack levels required when called:    8
 This function calls:
		_CMD_Execute
		_EUSART_Read
		_toupper
 This function is called by:
		_main
 This function uses a non-reentrant model


 *************** function _EUSART_Read *****************
 Defined at:
		line 112 in file "mcc_generated_files/eusart.c"
 Parameters:    Size  Location     Type
		None
 Auto vars:     Size  Location     Type
  readValue       1    3[COMMON] unsigned char 
 Return value:  Size  Location     Type
                  1    wreg      unsigned char 
 Registers used:
		wreg, fsr1l, fsr1h, status,2, status,0
 Tracked objects:
		On entry : 
		On exit  : 
		Unchanged: 
 Data sizes:     COMMON   BANK0   BANK1   BANK2   BANK3   BANK4   BANK5   BANK6   BANK7   BANK8   BANK9  BANK10  BANK11  BANK12
      Params:         0       0       0       0       0       0       0       0       0       0       0       0       0       0
      Locals:         1       0       0       0       0       0       0       0       0       0       0       0       0       0
      Temps:          1       0       0       0       0       0       0       0       0       0       0       0       0       0
      Totals:         2       0       0       0       0       0       0       0       0       0       0       0       0       0
Total ram usage:        2 bytes
 Hardware stack levels used:    1
 Hardware stack levels required when called:    2
 This function calls:
		Nothing
 This function is called by:
		_CMD_Receive
		_getch
 This function uses a non-reentrant model


 *************** function _CMD_Execute *****************
 Defined at:
		line 12 in file "command.c"
 Parameters:    Size  Location     Type
  cmd             1    wreg     PTR const unsigned char 
		 -> CMD_Buf(32), 
 Auto vars:     Size  Location     Type
  cmd             1   34[BANK0 ] PTR const unsigned char 
		 -> CMD_Buf(32), 
  buf             3   35[BANK0 ] PTR unsigned char [3]
		 -> NULL(0), CMD_Buf(32), 
  addr            1   40[BANK0 ] unsigned char 
  cnt             1   39[BANK0 ] unsigned char 
  val             1   38[BANK0 ] unsigned char 
 Return value:  Size  Location     Type
                  2   22[None  ] int 
 Registers used:
		wreg, fsr0l, fsr0h, fsr1l, fsr1h, status,2, status,0, pclath, cstack
 Tracked objects:
		On entry : 
		On exit  : 
		Unchanged: 
 Data sizes:     COMMON   BANK0   BANK1   BANK2   BANK3   BANK4   BANK5   BANK6   BANK7   BANK8   BANK9  BANK10  BANK11  BANK12
      Params:         0       0       0       0       0       0       0       0       0       0       0       0       0       0
      Locals:         0       7       0       0       0       0       0       0       0       0       0       0       0       0
      Temps:          0       2       0       0       0       0       0       0       0       0       0       0       0       0
      Totals:         0       9       0       0       0       0       0       0       0       0       0       0       0       0
Total ram usage:        9 bytes
 Hardware stack levels used:    1
 Hardware stack levels required when called:    7
 This function calls:
[...]
      Totals:         0       6       0       0       0       0       0       0       0       0       0       0       0       0
Total ram usage:        6 bytes
 Hardware stack levels used:    1
 Hardware stack levels required when called:    3
 This function calls:
		___ftpack
 This function is called by:
		_CC_CheckRegister
 This function uses a non-reentrant model


 *************** function ___ftpack *****************
 Defined at:
		line 62 in file "C:\Program Files (x86)\Microchip\xc8\v1.41\sources\common\float.c"
 Parameters:    Size  Location     Type
  arg             3    2[COMMON] unsigned um
  exp             1    5[COMMON] unsigned char 
  sign            1    6[COMMON] unsigned char 
 Auto vars:     Size  Location     Type
		None
 Return value:  Size  Location     Type
                  3    2[COMMON] float 
 Registers used:
		wreg, status,2, status,0
 Tracked objects:
		On entry : 
		On exit  : 
		Unchanged: 
 Data sizes:     COMMON   BANK0   BANK1   BANK2   BANK3   BANK4   BANK5   BANK6   BANK7   BANK8   BANK9  BANK10  BANK11  BANK12
      Params:         5       0       0       0       0       0       0       0       0       0       0       0       0       0
      Locals:         0       0       0       0       0       0       0       0       0       0       0       0       0       0
      Temps:          3       0       0       0       0       0       0       0       0       0       0       0       0       0
      Totals:         8       0       0       0       0       0       0       0       0       0       0       0       0       0
Total ram usage:        8 bytes
 Hardware stack levels used:    1
 Hardware stack levels required when called:    2
 This function calls:
		Nothing
 This function is called by:
		___altoft
		___awtoft
		___ftadd
		___ftdiv
		___ftmul
		___lwtoft
 This function uses a non-reentrant model


 *************** function _MCP4922_Write *****************
 Defined at:
		line 3 in file "mcp4922.c"
 Parameters:    Size  Location     Type
  val             2   24[BANK1 ] unsigned int 
 Auto vars:     Size  Location     Type
		None
 Return value:  Size  Location     Type
                  1    wreg      void 
 Registers used:
		wreg, status,2, status,0, pclath, cstack
 Tracked objects:
		On entry : 
		On exit  : 
		Unchanged: 
 Data sizes:     COMMON   BANK0   BANK1   BANK2   BANK3   BANK4   BANK5   BANK6   BANK7   BANK8   BANK9  BANK10  BANK11  BANK12
      Params:         0       0       2       0       0       0       0       0       0       0       0       0       0       0
      Locals:         0       0       0       0       0       0       0       0       0       0       0       0       0       0
      Temps:          0       0       0       0       0       0       0       0       0       0       0       0       0       0
      Totals:         0       0       2       0       0       0       0       0       0       0       0       0       0       0
Total ram usage:        2 bytes
 Hardware stack levels used:    1
 Hardware stack levels required when called:    3
 This function calls:
		_SPI1_Exchange8bit
 This function is called by:
		_CC_CheckRegister
 This function uses a non-reentrant model


 *************** function _SPI1_Exchange8bit *****************
 Defined at:
		line 77 in file "mcc_generated_files/spi1.c"
 Parameters:    Size  Location     Type
  data            1    wreg     unsigned char 
 Auto vars:     Size  Location     Type
  data            1    2[COMMON] unsigned char 
 Return value:  Size  Location     Type
                  1    wreg      unsigned char 
 Registers used:
		wreg
 Tracked objects:
		On entry : 
		On exit  : 
		Unchanged: 
 Data sizes:     COMMON   BANK0   BANK1   BANK2   BANK3   BANK4   BANK5   BANK6   BANK7   BANK8   BANK9  BANK10  BANK11  BANK12
      Params:         0       0       0       0       0       0       0       0       0       0       0       0       0       0
      Locals:         1       0       0       0       0       0       0       0       0       0       0       0       0       0
      Temps:          0       0       0       0       0       0       0       0       0       0       0       0       0       0
      Totals:         1       0       0       0       0       0       0       0       0       0       0       0       0       0
Total ram usage:        1 bytes
 Hardware stack levels used:    1
 Hardware stack levels required when called:    2
 This function calls:
		Nothing
 This function is called by:
		_MCP4922_Write
		_SPI1_Exchange8bitBuffer
 This function uses a non-reentrant model


 *************** function _CMD_SetData *****************
 Defined at:
		line 62 in file "command.c"
 Parameters:    Size  Location     Type
  addr            1    wreg     unsigned char 
  data            1    2[COMMON] unsigned char 
 Auto vars:     Size  Location     Type
  addr            1    4[COMMON] unsigned char 
 Return value:  Size  Location     Type
                  2    2[COMMON] int 
 Registers used:
		wreg, fsr1l, fsr1h, status,2, status,0
 Tracked objects:
		On entry : 
		On exit  : 
		Unchanged: 
 Data sizes:     COMMON   BANK0   BANK1   BANK2   BANK3   BANK4   BANK5   BANK6   BANK7   BANK8   BANK9  BANK10  BANK11  BANK12
      Params:         1       0       0       0       0       0       0       0       0       0       0       0       0       0
      Locals:         1       0       0       0       0       0       0       0       0       0       0       0       0       0
      Temps:          1       0       0       0       0       0       0       0       0       0       0       0       0       0
      Totals:         3       0       0       0       0       0       0       0       0       0       0       0       0       0
Total ram usage:        3 bytes
 Hardware stack levels used:    1
 Hardware stack levels required when called:    2
 This function calls:
		Nothing
 This function is called by:
		_CC_CheckRegister
 This function uses a non-reentrant model


 *************** function _CMD_GetData *****************
 Defined at:
		line 70 in file "command.c"
 Parameters:    Size  Location     Type
  addr            1    wreg     unsigned char 
  data            1    2[COMMON] PTR unsigned char 
		 -> CC_CheckRegister@buf(1), CC_Reg(7), 
 Auto vars:     Size  Location     Type
  addr            1    5[COMMON] unsigned char 
 Return value:  Size  Location     Type
                  2    2[COMMON] int 
 Registers used:
		wreg, fsr1l, fsr1h, status,2, status,0
 Tracked objects:
		On entry : 
		On exit  : 
		Unchanged: 
 Data sizes:     COMMON   BANK0   BANK1   BANK2   BANK3   BANK4   BANK5   BANK6   BANK7   BANK8   BANK9  BANK10  BANK11  BANK12
      Params:         2       0       0       0       0       0       0       0       0       0       0       0       0       0
      Locals:         1       0       0       0       0       0       0       0       0       0       0       0       0       0
      Temps:          1       0       0       0       0       0       0       0       0       0       0       0       0       0
      Totals:         4       0       0       0       0       0       0       0       0       0       0       0       0       0
Total ram usage:        4 bytes
 Hardware stack levels used:    1
 Hardware stack levels required when called:    2
 This function calls:
		Nothing
 This function is called by:
		_CC_CheckRegister
 This function uses a non-reentrant model


 *************** function _INTERRUPT_InterruptManager *****************
 Defined at:
		line 51 in file "mcc_generated_files/interrupt_manager.c"
 Parameters:    Size  Location     Type
		None
 Auto vars:     Size  Location     Type
		None
 Return value:  Size  Location     Type
                  1    wreg      void 
 Registers used:
		wreg, fsr1l, fsr1h, status,2, status,0, pclath, cstack
 Tracked objects:
		On entry : 
		On exit  : 
		Unchanged: 
 Data sizes:     COMMON   BANK0   BANK1   BANK2   BANK3   BANK4   BANK5   BANK6   BANK7   BANK8   BANK9  BANK10  BANK11  BANK12
      Params:         0       0       0       0       0       0       0       0       0       0       0       0       0       0
      Locals:         0       0       0       0       0       0       0       0       0       0       0       0       0       0
      Temps:          1       0       0       0       0       0       0       0       0       0       0       0       0       0
      Totals:         1       0       0       0       0       0       0       0       0       0       0       0       0       0
Total ram usage:        1 bytes
 Hardware stack levels used:    1
 Hardware stack levels required when called:    1
 This function calls:
		_EUSART_Receive_ISR
		_EUSART_Transmit_ISR
 This function is called by:
		Interrupt level 1
 This function uses a non-reentrant model


 *************** function _EUSART_Transmit_ISR *****************
 Defined at:
		line 165 in file "mcc_generated_files/eusart.c"
 Parameters:    Size  Location     Type
		None
 Auto vars:     Size  Location     Type
		None
 Return value:  Size  Location     Type
                  1    wreg      void 
 Registers used:
		wreg, fsr1l, fsr1h, status,2, status,0
 Tracked objects:
		On entry : 
		On exit  : 
		Unchanged: 
 Data sizes:     COMMON   BANK0   BANK1   BANK2   BANK3   BANK4   BANK5   BANK6   BANK7   BANK8   BANK9  BANK10  BANK11  BANK12
      Params:         0       0       0       0       0       0       0       0       0       0       0       0       0       0
      Locals:         0       0       0       0       0       0       0       0       0       0       0       0       0       0
      Temps:          1       0       0       0       0       0       0       0       0       0       0       0       0       0
      Totals:         1       0       0       0       0       0       0       0       0       0       0       0       0       0
Total ram usage:        1 bytes
 Hardware stack levels used:    1
 This function calls:
		Nothing
 This function is called by:
		_INTERRUPT_InterruptManager
 This function uses a non-reentrant model


 *************** function _EUSART_Receive_ISR *****************
 Defined at:
		line 184 in file "mcc_generated_files/eusart.c"
 Parameters:    Size  Location     Type
		None
 Auto vars:     Size  Location     Type
		None
 Return value:  Size  Location     Type
                  1    wreg      void 
 Registers used:
		wreg, fsr1l, fsr1h, status,2, status,0
 Tracked objects:
		On entry : 
		On exit  : 
		Unchanged: 
 Data sizes:     COMMON   BANK0   BANK1   BANK2   BANK3   BANK4   BANK5   BANK6   BANK7   BANK8   BANK9  BANK10  BANK11  BANK12
      Params:         0       0       0       0       0       0       0       0       0       0       0       0       0       0
      Locals:         0       0       0       0       0       0       0       0       0       0       0       0       0       0
      Temps:          1       0       0       0       0       0       0       0       0       0       0       0       0       0
      Totals:         1       0       0       0       0       0       0       0       0       0       0       0       0       0
Total ram usage:        1 bytes
 Hardware stack levels used:    1
 This function calls:
		Nothing
 This function is called by:
		_INTERRUPT_InterruptManager
 This function uses a non-reentrant model



MODULE INFORMATION

Module		Function		Class		Link	Load	Size
C:\Program Files (x86)\Microchip\xc8\v1.41\sources\common\lwdiv.c
		___lwdiv       		CODE           	0A0D	0000	53

C:\Program Files (x86)\Microchip\xc8\v1.41\sources\common\lwdiv.c estimated size: 53

current_controller.c
		_CC_CheckRegister		CODE           	04CD	0000	339

current_controller.c estimated size: 339

C:\Program Files (x86)\Microchip\xc8\v1.41\sources\common\doprnt.c
		_printf        		CODE           	003B	0000	727

C:\Program Files (x86)\Microchip\xc8\v1.41\sources\common\doprnt.c estimated size: 727

C:\Program Files (x86)\Microchip\xc8\v1.41\sources\common\Umul8.c
		___bmul        		CODE           	1737	0000	18

C:\Program Files (x86)\Microchip\xc8\v1.41\sources\common\Umul8.c estimated size: 18

strlib.c
		_ParseLong     		CODE           	086F	0000	42
		_ParseUByte    		CODE           	0948	0000	50
		_Split         		CODE           	08C1	0000	45

strlib.c estimated size: 137

C:\Program Files (x86)\Microchip\xc8\v1.41\sources\common\strcspn.c
		_strcspn       		CODE           	0979	0000	50

C:\Program Files (x86)\Microchip\xc8\v1.41\sources\common\strcspn.c estimated size: 50

C:\Program Files (x86)\Microchip\xc8\v1.41\sources\common\fttol.c
		___fttol       		CODE           	0C8C	0000	136

C:\Program Files (x86)\Microchip\xc8\v1.41\sources\common\fttol.c estimated size: 136

C:\Program Files (x86)\Microchip\xc8\v1.41\sources\common\Umul16.c
		___wmul        		CODE           	17C9	0000	28

C:\Program Files (x86)\Microchip\xc8\v1.41\sources\common\Umul16.c estimated size: 28

C:\Program Files (x86)\Microchip\xc8\v1.41\sources\common\isdigit.c
		_isdigit       		CODE           	16EE	0000	15

C:\Program Files (x86)\Microchip\xc8\v1.41\sources\common\isdigit.c estimated size: 15

mcc_generated_files/interrupt_manager.c
		_INTERRUPT_InterruptManager		CODE           	0004	0000	33

mcc_generated_files/interrupt_manager.c estimated size: 33

C:\Program Files (x86)\Microchip\xc8\v1.41\sources\common\ftadd.c
		___ftadd       		CODE           	0F0A	0000	247

C:\Program Files (x86)\Microchip\xc8\v1.41\sources\common\ftadd.c estimated size: 247

C:\Program Files (x86)\Microchip\xc8\v1.41\sources\common\evalpoly.c
		_eval_poly     		CODE           	0BC8	0000	97

C:\Program Files (x86)\Microchip\xc8\v1.41\sources\common\evalpoly.c estimated size: 97

mcc_generated_files/pin_manager.c
		_PIN_MANAGER_Initialize		CODE           	0B31	0000	70

mcc_generated_files/pin_manager.c estimated size: 70

C:\Program Files (x86)\Microchip\xc8\v1.41\sources\common\strtok.c
		_strtok        		CODE           	0B76	0000	83

C:\Program Files (x86)\Microchip\xc8\v1.41\sources\common\strtok.c estimated size: 83

C:\Program Files (x86)\Microchip\xc8\v1.41\sources\common\ftge.c
		___ftge        		CODE           	0AB3	0000	62

C:\Program Files (x86)\Microchip\xc8\v1.41\sources\common\ftge.c estimated size: 62

mcc_generated_files/spi1.c
		_SPI1_Initialize		CODE           	16C4	0000	9
		_SPI1_Exchange8bit		CODE           	16CC	0000	10

mcc_generated_files/spi1.c estimated size: 19

C:\Program Files (x86)\Microchip\xc8\v1.41\sources\common\isupper.c
		_isupper       		CODE           	16FC	0000	15

C:\Program Files (x86)\Microchip\xc8\v1.41\sources\common\isupper.c estimated size: 15

C:\Program Files (x86)\Microchip\xc8\v1.41\sources\common\Umul32.c
		___lmul        		CODE           	09DB	0000	51

C:\Program Files (x86)\Microchip\xc8\v1.41\sources\common\Umul32.c estimated size: 51

C:\Program Files (x86)\Microchip\xc8\v1.41\sources\common\ftneg.c
		___ftneg       		CODE           	16BC	0000	9

C:\Program Files (x86)\Microchip\xc8\v1.41\sources\common\ftneg.c estimated size: 9

C:\Program Files (x86)\Microchip\xc8\v1.41\sources\common\ftsub.c
		___ftsub       		CODE           	091A	0000	47

C:\Program Files (x86)\Microchip\xc8\v1.41\sources\common\ftsub.c estimated size: 47

C:\Program Files (x86)\Microchip\xc8\v1.41\sources\common\float.c
		___ftpack      		CODE           	0C28	0000	101

C:\Program Files (x86)\Microchip\xc8\v1.41\sources\common\float.c estimated size: 101

mcp4922.c
		_MCP4922_Write 		CODE           	170A	0000	16

mcp4922.c estimated size: 16

shared
		_dpowers       		STRCODE        	1000	0000	11
		__initialization		CODE           	0026	0000	18
		_hexpowers     		STRCODE        	100A	0000	9
		sin@coeff_a    		STRCODE        	1012	0000	16
		sin@coeff_b    		STRCODE        	1021	0000	13

shared estimated size: 67

C:\Program Files (x86)\Microchip\xc8\v1.41\sources\common\lwmod.c
		___lwmod       		CODE           	08ED	0000	46

C:\Program Files (x86)\Microchip\xc8\v1.41\sources\common\lwmod.c estimated size: 46

mcc_generated_files/mcc.c
		_WDT_Initialize		CODE           	07FC	0000	5
		_OSCILLATOR_Initialize		CODE           	16D5	0000	12
		_SYSTEM_Initialize		CODE           	1728	0000	16

mcc_generated_files/mcc.c estimated size: 33

C:\Program Files (x86)\Microchip\xc8\v1.41\sources\common\toupper.c
		_toupper       		CODE           	1719	0000	16

C:\Program Files (x86)\Microchip\xc8\v1.41\sources\common\toupper.c estimated size: 16

C:\Program Files (x86)\Microchip\xc8\v1.41\sources\common\sin.c
		_sin           		CODE           	0311	0000	445

C:\Program Files (x86)\Microchip\xc8\v1.41\sources\common\sin.c estimated size: 445

C:\Program Files (x86)\Microchip\xc8\v1.41\sources\common\strcmp.c
		_strcmp        		CODE           	0898	0000	42

C:\Program Files (x86)\Microchip\xc8\v1.41\sources\common\strcmp.c estimated size: 42

C:\Program Files (x86)\Microchip\xc8\v1.41\sources\common\strchr.c
		_strchr        		CODE           	1797	0000	26

C:\Program Files (x86)\Microchip\xc8\v1.41\sources\common\strchr.c estimated size: 26

C:\Program Files (x86)\Microchip\xc8\v1.41\sources\common\awtoft.c
		___awtoft      		CODE           	07DA	0000	35

C:\Program Files (x86)\Microchip\xc8\v1.41\sources\common\awtoft.c estimated size: 35

C:\Program Files (x86)\Microchip\xc8\v1.41\sources\common\isalpha.c
		_isalpha       		CODE           	1748	0000	19

C:\Program Files (x86)\Microchip\xc8\v1.41\sources\common\isalpha.c estimated size: 19

C:\Program Files (x86)\Microchip\xc8\v1.41\sources\common\altoft.c
		___altoft      		CODE           	0A76	0000	62

C:\Program Files (x86)\Microchip\xc8\v1.41\sources\common\altoft.c estimated size: 62

C:\Program Files (x86)\Microchip\xc8\v1.41\sources\common\isspace.c
		_isspace       		CODE           	175A	0000	19

C:\Program Files (x86)\Microchip\xc8\v1.41\sources\common\isspace.c estimated size: 19

command.c
		_CMD_Execute   		CODE           	071D	0000	190
		_CMD_GetData   		CODE           	177F	0000	25
		_CMD_SetData   		CODE           	16E0	0000	15
		_CMD_Receive   		CODE           	0AF0	0000	66

command.c estimated size: 296

C:\Program Files (x86)\Microchip\xc8\v1.41\sources\common\frexp.c
		_frexp         		CODE           	0A41	0000	54

C:\Program Files (x86)\Microchip\xc8\v1.41\sources\common\frexp.c estimated size: 54

C:\Program Files (x86)\Microchip\xc8\v1.41\sources\common\strtol.c
		_strtol        		CODE           	061F	0000	255

C:\Program Files (x86)\Microchip\xc8\v1.41\sources\common\strtol.c estimated size: 255

mcc_generated_files/eusart.c
		_putch         		CODE           	16B1	0000	6
		_EUSART_Read   		CODE           	0832	0000	29
		_EUSART_Write  		CODE           	084E	0000	34
		_EUSART_Transmit_ISR		CODE           	0816	0000	29
		_EUSART_Initialize		CODE           	17B0	0000	26
		_EUSART_Receive_ISR		CODE           	17E4	0000	29

mcc_generated_files/eusart.c estimated size: 153

C:\Program Files (x86)\Microchip\xc8\v1.41\sources\common\floor.c
		_floor         		CODE           	0D13	0000	155

C:\Program Files (x86)\Microchip\xc8\v1.41\sources\common\floor.c estimated size: 155

C:\Program Files (x86)\Microchip\xc8\v1.41\sources\common\ftmul.c
		___ftmul       		CODE           	0E56	0000	181

C:\Program Files (x86)\Microchip\xc8\v1.41\sources\common\ftmul.c estimated size: 181

C:\Program Files (x86)\Microchip\xc8\v1.41\sources\common\lwtoft.c
		___lwtoft      		CODE           	0801	0000	22

C:\Program Files (x86)\Microchip\xc8\v1.41\sources\common\lwtoft.c estimated size: 22

main.c
		_main          		CODE           	176C	0000	20

main.c estimated size: 20

C:\Program Files (x86)\Microchip\xc8\v1.41\sources\common\ftdiv.c
		___ftdiv       		CODE           	0DAD	0000	170

C:\Program Files (x86)\Microchip\xc8\v1.41\sources\common\ftdiv.c estimated size: 170

C:\Program Files (x86)\Microchip\xc8\v1.41\sources\common\strspn.c
		_strspn        		CODE           	09AA	0000	50

C:\Program Files (x86)\Microchip\xc8\v1.41\sources\common\strspn.c estimated size: 50

